###############################################################################
#
# IAR ELF Linker V7.40.5.9725/W32 for ARM                 16/Apr/2019  17:20:58
# Copyright 2007-2015 IAR Systems AB.
#
#    Output file  =  
#        D:\programs\Tvema\hardware\Firmware\pt14_trolley\central\EWARM\central\Exe\central.out
#    Map file     =  
#        D:\programs\Tvema\hardware\Firmware\pt14_trolley\central\EWARM\central\List\central.map
#    Command line =  
#        D:\programs\Tvema\hardware\Firmware\pt14_trolley\central\EWARM\central\Obj\api_lib.o
#        D:\programs\Tvema\hardware\Firmware\pt14_trolley\central\EWARM\central\Obj\api_msg.o
#        D:\programs\Tvema\hardware\Firmware\pt14_trolley\central\EWARM\central\Obj\arc4.o
#        D:\programs\Tvema\hardware\Firmware\pt14_trolley\central\EWARM\central\Obj\atomic.o
#        D:\programs\Tvema\hardware\Firmware\pt14_trolley\central\EWARM\central\Obj\auth.o
#        D:\programs\Tvema\hardware\Firmware\pt14_trolley\central\EWARM\central\Obj\autoip.o
#        D:\programs\Tvema\hardware\Firmware\pt14_trolley\central\EWARM\central\Obj\can_mod.o
#        D:\programs\Tvema\hardware\Firmware\pt14_trolley\central\EWARM\central\Obj\ccp.o
#        D:\programs\Tvema\hardware\Firmware\pt14_trolley\central\EWARM\central\Obj\chap-md5.o
#        D:\programs\Tvema\hardware\Firmware\pt14_trolley\central\EWARM\central\Obj\chap-new.o
#        D:\programs\Tvema\hardware\Firmware\pt14_trolley\central\EWARM\central\Obj\chap_ms.o
#        D:\programs\Tvema\hardware\Firmware\pt14_trolley\central\EWARM\central\Obj\def.o
#        D:\programs\Tvema\hardware\Firmware\pt14_trolley\central\EWARM\central\Obj\demand.o
#        D:\programs\Tvema\hardware\Firmware\pt14_trolley\central\EWARM\central\Obj\des.o
#        D:\programs\Tvema\hardware\Firmware\pt14_trolley\central\EWARM\central\Obj\dhcp.o
#        D:\programs\Tvema\hardware\Firmware\pt14_trolley\central\EWARM\central\Obj\dhcp6.o
#        D:\programs\Tvema\hardware\Firmware\pt14_trolley\central\EWARM\central\Obj\dns.o
#        D:\programs\Tvema\hardware\Firmware\pt14_trolley\central\EWARM\central\Obj\eap.o
#        D:\programs\Tvema\hardware\Firmware\pt14_trolley\central\EWARM\central\Obj\ecp.o
#        D:\programs\Tvema\hardware\Firmware\pt14_trolley\central\EWARM\central\Obj\err.o
#        D:\programs\Tvema\hardware\Firmware\pt14_trolley\central\EWARM\central\Obj\etharp.o
#        D:\programs\Tvema\hardware\Firmware\pt14_trolley\central\EWARM\central\Obj\ethernet.o
#        D:\programs\Tvema\hardware\Firmware\pt14_trolley\central\EWARM\central\Obj\ethernetif.o
#        D:\programs\Tvema\hardware\Firmware\pt14_trolley\central\EWARM\central\Obj\ethernetif_template.o
#        D:\programs\Tvema\hardware\Firmware\pt14_trolley\central\EWARM\central\Obj\ethip6.o
#        D:\programs\Tvema\hardware\Firmware\pt14_trolley\central\EWARM\central\Obj\eui64.o
#        D:\programs\Tvema\hardware\Firmware\pt14_trolley\central\EWARM\central\Obj\fsm.o
#        D:\programs\Tvema\hardware\Firmware\pt14_trolley\central\EWARM\central\Obj\gps.o
#        D:\programs\Tvema\hardware\Firmware\pt14_trolley\central\EWARM\central\Obj\icmp.o
#        D:\programs\Tvema\hardware\Firmware\pt14_trolley\central\EWARM\central\Obj\icmp6.o
#        D:\programs\Tvema\hardware\Firmware\pt14_trolley\central\EWARM\central\Obj\igmp.o
#        D:\programs\Tvema\hardware\Firmware\pt14_trolley\central\EWARM\central\Obj\inet6.o
#        D:\programs\Tvema\hardware\Firmware\pt14_trolley\central\EWARM\central\Obj\inet_chksum.o
#        D:\programs\Tvema\hardware\Firmware\pt14_trolley\central\EWARM\central\Obj\init.o
#        D:\programs\Tvema\hardware\Firmware\pt14_trolley\central\EWARM\central\Obj\ip.o
#        D:\programs\Tvema\hardware\Firmware\pt14_trolley\central\EWARM\central\Obj\ip4.o
#        D:\programs\Tvema\hardware\Firmware\pt14_trolley\central\EWARM\central\Obj\ip4_addr.o
#        D:\programs\Tvema\hardware\Firmware\pt14_trolley\central\EWARM\central\Obj\ip4_frag.o
#        D:\programs\Tvema\hardware\Firmware\pt14_trolley\central\EWARM\central\Obj\ip6.o
#        D:\programs\Tvema\hardware\Firmware\pt14_trolley\central\EWARM\central\Obj\ip6_addr.o
#        D:\programs\Tvema\hardware\Firmware\pt14_trolley\central\EWARM\central\Obj\ip6_frag.o
#        D:\programs\Tvema\hardware\Firmware\pt14_trolley\central\EWARM\central\Obj\ipcp.o
#        D:\programs\Tvema\hardware\Firmware\pt14_trolley\central\EWARM\central\Obj\ipv6cp.o
#        D:\programs\Tvema\hardware\Firmware\pt14_trolley\central\EWARM\central\Obj\lcp.o
#        D:\programs\Tvema\hardware\Firmware\pt14_trolley\central\EWARM\central\Obj\lowpan6.o
#        D:\programs\Tvema\hardware\Firmware\pt14_trolley\central\EWARM\central\Obj\lwip.o
#        D:\programs\Tvema\hardware\Firmware\pt14_trolley\central\EWARM\central\Obj\magic.o
#        D:\programs\Tvema\hardware\Firmware\pt14_trolley\central\EWARM\central\Obj\main.o
#        D:\programs\Tvema\hardware\Firmware\pt14_trolley\central\EWARM\central\Obj\md4.o
#        D:\programs\Tvema\hardware\Firmware\pt14_trolley\central\EWARM\central\Obj\md5.o
#        D:\programs\Tvema\hardware\Firmware\pt14_trolley\central\EWARM\central\Obj\mem.o
#        D:\programs\Tvema\hardware\Firmware\pt14_trolley\central\EWARM\central\Obj\memory.o
#        D:\programs\Tvema\hardware\Firmware\pt14_trolley\central\EWARM\central\Obj\memp.o
#        D:\programs\Tvema\hardware\Firmware\pt14_trolley\central\EWARM\central\Obj\mld6.o
#        D:\programs\Tvema\hardware\Firmware\pt14_trolley\central\EWARM\central\Obj\mppe.o
#        D:\programs\Tvema\hardware\Firmware\pt14_trolley\central\EWARM\central\Obj\multilink.o
#        D:\programs\Tvema\hardware\Firmware\pt14_trolley\central\EWARM\central\Obj\nd6.o
#        D:\programs\Tvema\hardware\Firmware\pt14_trolley\central\EWARM\central\Obj\netbuf.o
#        D:\programs\Tvema\hardware\Firmware\pt14_trolley\central\EWARM\central\Obj\netdb.o
#        D:\programs\Tvema\hardware\Firmware\pt14_trolley\central\EWARM\central\Obj\netif.o
#        D:\programs\Tvema\hardware\Firmware\pt14_trolley\central\EWARM\central\Obj\netifapi.o
#        D:\programs\Tvema\hardware\Firmware\pt14_trolley\central\EWARM\central\Obj\pbuf.o
#        D:\programs\Tvema\hardware\Firmware\pt14_trolley\central\EWARM\central\Obj\ppp.o
#        D:\programs\Tvema\hardware\Firmware\pt14_trolley\central\EWARM\central\Obj\pppapi.o
#        D:\programs\Tvema\hardware\Firmware\pt14_trolley\central\EWARM\central\Obj\pppcrypt.o
#        D:\programs\Tvema\hardware\Firmware\pt14_trolley\central\EWARM\central\Obj\pppoe.o
#        D:\programs\Tvema\hardware\Firmware\pt14_trolley\central\EWARM\central\Obj\pppol2tp.o
#        D:\programs\Tvema\hardware\Firmware\pt14_trolley\central\EWARM\central\Obj\pppos.o
#        D:\programs\Tvema\hardware\Firmware\pt14_trolley\central\EWARM\central\Obj\raw.o
#        D:\programs\Tvema\hardware\Firmware\pt14_trolley\central\EWARM\central\Obj\sha1.o
#        D:\programs\Tvema\hardware\Firmware\pt14_trolley\central\EWARM\central\Obj\slipif.o
#        D:\programs\Tvema\hardware\Firmware\pt14_trolley\central\EWARM\central\Obj\sockets.o
#        D:\programs\Tvema\hardware\Firmware\pt14_trolley\central\EWARM\central\Obj\startup_stm32f107xc.o
#        D:\programs\Tvema\hardware\Firmware\pt14_trolley\central\EWARM\central\Obj\stats.o
#        D:\programs\Tvema\hardware\Firmware\pt14_trolley\central\EWARM\central\Obj\stm32f1xx_hal.o
#        D:\programs\Tvema\hardware\Firmware\pt14_trolley\central\EWARM\central\Obj\stm32f1xx_hal_adc.o
#        D:\programs\Tvema\hardware\Firmware\pt14_trolley\central\EWARM\central\Obj\stm32f1xx_hal_can.o
#        D:\programs\Tvema\hardware\Firmware\pt14_trolley\central\EWARM\central\Obj\stm32f1xx_hal_cortex.o
#        D:\programs\Tvema\hardware\Firmware\pt14_trolley\central\EWARM\central\Obj\stm32f1xx_hal_dma.o
#        D:\programs\Tvema\hardware\Firmware\pt14_trolley\central\EWARM\central\Obj\stm32f1xx_hal_eth.o
#        D:\programs\Tvema\hardware\Firmware\pt14_trolley\central\EWARM\central\Obj\stm32f1xx_hal_flash.o
#        D:\programs\Tvema\hardware\Firmware\pt14_trolley\central\EWARM\central\Obj\stm32f1xx_hal_flash_ex.o
#        D:\programs\Tvema\hardware\Firmware\pt14_trolley\central\EWARM\central\Obj\stm32f1xx_hal_gpio.o
#        D:\programs\Tvema\hardware\Firmware\pt14_trolley\central\EWARM\central\Obj\stm32f1xx_hal_gpio_ex.o
#        D:\programs\Tvema\hardware\Firmware\pt14_trolley\central\EWARM\central\Obj\stm32f1xx_hal_i2c.o
#        D:\programs\Tvema\hardware\Firmware\pt14_trolley\central\EWARM\central\Obj\stm32f1xx_hal_iwdg.o
#        D:\programs\Tvema\hardware\Firmware\pt14_trolley\central\EWARM\central\Obj\stm32f1xx_hal_msp.o
#        D:\programs\Tvema\hardware\Firmware\pt14_trolley\central\EWARM\central\Obj\stm32f1xx_hal_pwr.o
#        D:\programs\Tvema\hardware\Firmware\pt14_trolley\central\EWARM\central\Obj\stm32f1xx_hal_rcc.o
#        D:\programs\Tvema\hardware\Firmware\pt14_trolley\central\EWARM\central\Obj\stm32f1xx_hal_rcc_ex.o
#        D:\programs\Tvema\hardware\Firmware\pt14_trolley\central\EWARM\central\Obj\stm32f1xx_hal_spi.o
#        D:\programs\Tvema\hardware\Firmware\pt14_trolley\central\EWARM\central\Obj\stm32f1xx_hal_spi_ex.o
#        D:\programs\Tvema\hardware\Firmware\pt14_trolley\central\EWARM\central\Obj\stm32f1xx_hal_tim.o
#        D:\programs\Tvema\hardware\Firmware\pt14_trolley\central\EWARM\central\Obj\stm32f1xx_hal_tim_ex.o
#        D:\programs\Tvema\hardware\Firmware\pt14_trolley\central\EWARM\central\Obj\stm32f1xx_hal_uart.o
#        D:\programs\Tvema\hardware\Firmware\pt14_trolley\central\EWARM\central\Obj\stm32f1xx_it.o
#        D:\programs\Tvema\hardware\Firmware\pt14_trolley\central\EWARM\central\Obj\sys.o
#        D:\programs\Tvema\hardware\Firmware\pt14_trolley\central\EWARM\central\Obj\system_stm32f1xx.o
#        D:\programs\Tvema\hardware\Firmware\pt14_trolley\central\EWARM\central\Obj\tcp.o
#        D:\programs\Tvema\hardware\Firmware\pt14_trolley\central\EWARM\central\Obj\tcp_in.o
#        D:\programs\Tvema\hardware\Firmware\pt14_trolley\central\EWARM\central\Obj\tcp_out.o
#        D:\programs\Tvema\hardware\Firmware\pt14_trolley\central\EWARM\central\Obj\tcpip.o
#        D:\programs\Tvema\hardware\Firmware\pt14_trolley\central\EWARM\central\Obj\timeouts.o
#        D:\programs\Tvema\hardware\Firmware\pt14_trolley\central\EWARM\central\Obj\udp.o
#        D:\programs\Tvema\hardware\Firmware\pt14_trolley\central\EWARM\central\Obj\udpprot.o
#        D:\programs\Tvema\hardware\Firmware\pt14_trolley\central\EWARM\central\Obj\upap.o
#        D:\programs\Tvema\hardware\Firmware\pt14_trolley\central\EWARM\central\Obj\utils.o
#        D:\programs\Tvema\hardware\Firmware\pt14_trolley\central\EWARM\central\Obj\vj.o
#        --redirect _Printf=_PrintfFull --redirect _Scanf=_ScanfFull -o
#        D:\programs\Tvema\hardware\Firmware\pt14_trolley\central\EWARM\central\Exe\central.out
#        --map
#        D:\programs\Tvema\hardware\Firmware\pt14_trolley\central\EWARM\central\List\central.map
#        --config
#        D:\programs\Tvema\hardware\Firmware\pt14_trolley\central\EWARM/stm32f107xc_flash.icf
#        --semihosting --entry __iar_program_start --vfe
#
###############################################################################

*******************************************************************************
*** MESSAGES
***

Error[Li016]: size limit exceeded. The application needs 0x89a6 (35 238) bytes,
          which is greater than the limit of 0x8000 (32 768) bytes.
          The limit is due to license "ARM.EW.LINKER" from "D:\programs\Tvema\h
                    ardware\Firmware\pt14_trolley\central\EWARM\central\Obj\api
                    _lib.o" (and 106 other modules).


*******************************************************************************
*** RUNTIME MODEL ATTRIBUTES
***

CppFlavor                     = *
__CPP_Language                = EC++
__Heap_Handler                = Basic
__SystemLibrary               = DLib
__dlib_dynamic_initialization = normal


*******************************************************************************
*** PLACEMENT SUMMARY
***

"A1":  place at 0x0800a000 { ro section .intvec };
"P1":  place in [from 0x0800a000 to 0x0803ffff] { ro };
"P2":  place in [from 0x20000000 to 0x2000ffff] { rw, block CSTACK, block HEAP };

  Section             Kind        Address    Size  Object
  -------             ----        -------    ----  ------
"A1":                                       0x150
  .intvec             ro code  0x0800a000   0x150  startup_stm32f107xc.o [1]
                             - 0x0800a150   0x150

"P1":                                      0x8b0b
  .text               ro code  0x0800a150   0xf40  main.o [1]
  .text               ro code  0x0800b090    0x24  main.o [1]
  .text               ro code  0x0800b0b4    0x20  main.o [1]
  .text               ro code  0x0800b0d4    0x10  main.o [1]
  .text               ro code  0x0800b0e4   0x328  main.o [1]
  .text               ro code  0x0800b40c    0x10  main.o [1]
  .text               ro code  0x0800b41c    0x2c  main.o [1]
  .text               ro code  0x0800b448    0x24  main.o [1]
  .text               ro code  0x0800b46c    0x1c  main.o [1]
  .text               ro code  0x0800b488    0x28  main.o [1]
  .text               ro code  0x0800b4b0    0x2c  main.o [1]
  .text               ro code  0x0800b4dc   0x102  stm32f1xx_hal_cortex.o [1]
  .text               ro code  0x0800b5de    0x38  main.o [1]
  .text               ro code  0x0800b616    0x4a  memory.o [1]
  .text               ro code  0x0800b660    0x88  main.o [1]
  .text               ro code  0x0800b6e8    0x70  main.o [1]
  .text               ro code  0x0800b758   0x1b8  stm32f1xx_hal_gpio.o [1]
  .text               ro code  0x0800b910    0x32  main.o [1]
  .text               ro code  0x0800b942     0xa  main.o [1]
  .text               ro code  0x0800b94c     0x6  ABImemclr4.o [5]
  .text               ro code  0x0800b952     0x6  main.o [1]
  .text               ro code  0x0800b958    0xf8  can_mod.o [1]
  .text               ro code  0x0800ba50    0x18  main.o [1]
  .text               ro code  0x0800ba68    0x4c  main.o [1]
  .text               ro code  0x0800bab4    0x44  main.o [1]
  .text               ro code  0x0800baf8   0x536  stm32f1xx_hal_adc.o [1]
  .text               ro code  0x0800c02e     0x2  main.o [1]
  .text               ro code  0x0800c030    0xbc  main.o [1]
  .text               ro code  0x0800c0ec    0x70  main.o [1]
  .text               ro code  0x0800c15c    0x2c  main.o [1]
  .text               ro code  0x0800c188    0x48  main.o [1]
  .text               ro code  0x0800c1d0     0x6  main.o [1]
  .text               ro code  0x0800c1d6     0x8  main.o [1]
  .text               ro code  0x0800c1de     0x2  main.o [1]
  .text               ro code  0x0800c1e0    0x20  main.o [1]
  .text               ro code  0x0800c200   0x672  stm32f1xx_hal_tim.o [1]
  .text               ro code  0x0800c872     0xa  main.o [1]
  .text               ro code  0x0800c87c     0x4  main.o [1]
  .text               ro code  0x0800c880     0x4  main.o [1]
  .text               ro code  0x0800c884     0x4  main.o [1]
  .text               ro code  0x0800c888     0x4  main.o [1]
  .text               ro code  0x0800c88c     0x4  main.o [1]
  .text               ro code  0x0800c890     0x4  main.o [1]
  .text               ro code  0x0800c894     0x4  main.o [1]
  .text               ro code  0x0800c898     0x4  main.o [1]
  .text               ro code  0x0800c89c    0x64  udpprot.o [1]
  .text               ro code  0x0800c900    0x18  main.o [1]
  .text               ro code  0x0800c918     0xa  main.o [1]
  .text               ro code  0x0800c924    0xb8  main.o [1]
  .text               ro code  0x0800c9dc    0xd0  gps.o [1]
  .text               ro code  0x0800caac     0xa  main.o [1]
  .text               ro code  0x0800cab8    0x98  stm32f1xx_hal.o [1]
  .text               ro code  0x0800cb50   0x738  stm32f1xx_hal_can.o [1]
  .text               ro code  0x0800d288    0x50  stm32f1xx_hal_iwdg.o [1]
  .text               ro code  0x0800d2d8    0xc8  lwip.o [1]
  .text               ro code  0x0800d3a0   0x834  stm32f1xx_hal_i2c.o [1]
  .text               ro code  0x0800dbd4   0x150  stm32f1xx_hal_uart.o [1]
  .text               ro code  0x0800dd24    0x24  main.o [1]
  .text               ro code  0x0800dd48     0xa  main.o [1]
  .text               ro code  0x0800dd52    0x70  main.o [1]
  .text               ro code  0x0800ddc2    0x7e  atomic.o [1]
  .text               ro code  0x0800de40   0x604  stm32f1xx_hal_rcc.o [1]
  .text               ro code  0x0800e444   0x2d0  stm32f1xx_hal_rcc_ex.o [1]
  .text               ro code  0x0800e714    0xac  stm32f1xx_hal_tim_ex.o [1]
  .text               ro code  0x0800e7c0    0x10  main.o [1]
  .text               ro code  0x0800e7d0    0x28  cxxabi.o [4]
  .text               ro code  0x0800e7f8    0x18  main.o [1]
  .text               ro code  0x0800e810    0x14  main.o [1]
  .text               ro code  0x0800e824    0x14  main.o [1]
  .text               ro code  0x0800e838     0x6  main.o [1]
  .text               ro code  0x0800e83e    0x28  main.o [1]
  .text               ro code  0x0800e866    0x12  main.o [1]
  .text               ro code  0x0800e878    0x76  ABImemcpy_unaligned.o [5]
  .text               ro code  0x0800e8f0    0x44  main.o [1]
  .text               ro code  0x0800e934    0x64  main.o [1]
  .text               ro code  0x0800e998    0x5c  main.o [1]
  .text               ro code  0x0800e9f4    0x1c  main.o [1]
  .text               ro code  0x0800ea10   0x158  stm32f1xx_hal_flash.o [1]
  .text               ro code  0x0800eb68    0xd4  stm32f1xx_hal_flash_ex.o [1]
  .text               ro code  0x0800ec3c    0x28  main.o [1]
  .text               ro code  0x0800ec64     0x8  main.o [1]
  .text               ro code  0x0800ec6c    0x14  main.o [1]
  .text               ro code  0x0800ec80    0x3a  main.o [1]
  .text               ro code  0x0800ecba    0x30  main.o [1]
  .text               ro code  0x0800ecea    0x58  main.o [1]
  .text               ro code  0x0800ed42    0x52  main.o [1]
  .text               ro code  0x0800ed94    0x32  ABImemset48.o [5]
  .text               ro code  0x0800edc8   0x420  stm32f1xx_hal_msp.o [1]
  .text               ro code  0x0800f1e8    0x20  main.o [1]
  .text               ro code  0x0800f208    0x18  main.o [1]
  .text               ro code  0x0800f220    0x20  main.o [1]
  .text               ro code  0x0800f240    0x50  main.o [1]
  .text               ro code  0x0800f290    0x60  main.o [1]
  .text               ro code  0x0800f2f0   0x350  pbuf.o [1]
  .text               ro code  0x0800f640   0x214  udp.o [1]
  .text               ro code  0x0800f854     0x6  main.o [1]
  .text               ro code  0x0800f85a    0xb6  main.o [1]
  .text               ro code  0x0800f910     0x4  gps.o [1]
  .text               ro code  0x0800f914    0x1c  gps.o [1]
  .text               ro code  0x0800f930    0x1a  init.o [1]
  .text               ro code  0x0800f94c   0x12e  netif.o [1]
  .text               ro code  0x0800fa7c   0x358  ethernetif.o [1]
  .text               ro code  0x0800fdd4    0xfc  timeouts.o [1]
  .text               ro code  0x0800fed0    0x10  main.o [1]
  .text               ro code  0x0800fee0    0xee  I64DivMod.o [5]
  .text               ro code  0x0800ffd0    0x18  main.o [1]
  .text               ro code  0x0800ffe8    0x28  main.o [1]
  .text               ro code  0x08010010    0x4a  main.o [1]
  .text               ro code  0x0801005a    0x78  main.o [1]
  .text               ro code  0x080100d2    0x86  main.o [1]
  .text               ro code  0x08010158    0x84  main.o [1]
  .text               ro code  0x080101dc    0x7c  main.o [1]
  .text               ro code  0x08010258    0x24  main.o [1]
  .text               ro code  0x0801027c    0x62  main.o [1]
  .text               ro code  0x080102e0    0x1e  U64Shr.o [5]
  .text               ro code  0x080102fe     0xc  main.o [1]
  .text               ro code  0x0801030c   0x338  stm32f1xx_hal_dma.o [1]
  .text               ro code  0x08010644     0xc  main.o [1]
  .text               ro code  0x08010650    0x48  main.o [1]
  .text               ro code  0x08010698    0x94  memp.o [1]
  .text               ro code  0x0801072c   0x1e0  mem.o [1]
  .text               ro code  0x0801090c    0x34  ip4_addr.o [1]
  .text               ro code  0x08010940     0xa  def.o [1]
  .text               ro code  0x0801094c   0x16c  icmp.o [1]
  .text               ro code  0x08010ab8     0x6  ABImemclr.o [5]
  .text               ro code  0x08010abe     0x8  main.o [1]
  .text               ro code  0x08010ac6     0xe  main.o [1]
  .text               ro code  0x08010ad4   0x580  etharp.o [1]
  .text               ro code  0x08011054   0x6d4  stm32f1xx_hal_eth.o [1]
  .text               ro code  0x08011728     0x2  I64DivZer.o [5]
  .text               ro code  0x0801172a     0x8  main.o [1]
  .text               ro code  0x08011732    0x18  main.o [1]
  .text               ro code  0x0801174a     0xc  main.o [1]
  .text               ro code  0x08011756    0x18  main.o [1]
  .text               ro code  0x0801176e    0x2c  main.o [1]
  .text               ro code  0x0801179a     0xe  stm32f1xx_hal_dma.o [1]
  .text               ro code  0x080117a8   0x274  ip4.o [1]
  .text               ro code  0x08011a1c    0x5e  ABImemset.o [5]
  .text               ro code  0x08011a7a     0x6  main.o [1]
  .text               ro code  0x08011a80    0xe4  ethernet.o [1]
  .text               ro code  0x08011b64    0x24  main.o [1]
  .text               ro code  0x08011b88    0x10  main.o [1]
  .text               ro code  0x08011b98   0x528  ip4_frag.o [1]
  .text               ro code  0x080120c0    0x62  memcmp_unaligned.o [5]
  .text               ro code  0x08012122     0x6  main.o [1]
  .rodata             const    0x08012128   0x14c  main.o [1]
  .text               ro code  0x08012274    0xd0  packbits_init.o [5]
  .text               ro code  0x08012344     0x6  abort.o [3]
  .text               ro code  0x0801234c    0x14  exit.o [6]
  .text               ro code  0x08012360    0xc8  stm32f1xx_it.o [1]
  .text               ro code  0x08012428    0xb4  main.o [1]
  .text               ro code  0x080124dc    0x98  main.o [1]
  .text               ro code  0x08012574    0x86  main.o [1]
  .text               ro code  0x080125fa    0x78  main.o [1]
  .text               ro code  0x08012674    0x6c  main.o [1]
  .text               ro code  0x080126e0    0x10  main.o [1]
  .text               ro code  0x080126f0    0x68  system_stm32f1xx.o [1]
  .text               ro code  0x08012758    0x60  main.o [1]
  .text               ro code  0x080127b8    0x58  main.o [1]
  .text               ro code  0x08012810    0x52  main.o [1]
  .text               ro code  0x08012862    0x4e  main.o [1]
  .rodata             const    0x080128b0    0x48  memp.o [1]
  .text               ro code  0x080128f8    0x40  zero_init3.o [5]
  .text               ro code  0x08012938    0x38  main.o [1]
  .text               ro code  0x08012970    0x36  main.o [1]
  .text               ro code  0x080129a8    0x28  data_init.o [5]
  .iar.init_table     const    0x080129d0    0x30  - Linker created -
  .text               ro code  0x08012a00    0x20  cmain_call_ctors.o [5]
  .text               ro code  0x08012a20    0x18  cppinit.o [3]
  .text               ro code  0x08012a38    0x1a  cmain.o [5]
  .text               ro code  0x08012a52     0x4  low_level_init.o [3]
  .text               ro code  0x08012a56     0x4  exit.o [3]
  .text               ro code  0x08012a5c     0xa  cexit.o [5]
  .rodata             const    0x08012a68    0x10  main.o [1]
  .rodata             const    0x08012a78    0x10  main.o [1]
  .text               ro code  0x08012a88    0x10  main.o [1]
  .text               ro code  0x08012a98    0x10  main.o [1]
  .text               ro code  0x08012aa8    0x10  startup_stm32f107xc.o [1]
  .rodata             const    0x08012ab8     0xc  main.o [1]
  .rodata             const    0x08012ac4     0xc  main.o [1]
  .rodata             const    0x08012ad0     0xc  main.o [1]
  .rodata             const    0x08012adc     0xc  main.o [1]
  .rodata             const    0x08012ae8     0xc  main.o [1]
  .rodata             const    0x08012af4     0xc  main.o [1]
  .rodata             const    0x08012b00     0xc  main.o [1]
  .rodata             const    0x08012b0c     0xc  main.o [1]
  .text               ro code  0x08012b18     0xc  cstartup_M.o [5]
  .rodata             const    0x08012b24     0x8  ethernet.o [1]
  .rodata             const    0x08012b2c     0x8  main.o [1]
  .rodata             const    0x08012b34     0x8  main.o [1]
  .rodata             const    0x08012b3c     0x8  system_stm32f1xx.o [1]
  SHT$$PREINIT_ARRAY           0x08012b44     0x0  <Block>
  SHT$$INIT_ARRAY              0x08012b44     0x8  <Block>
    .init_array       const    0x08012b44     0x4  gps.o [1]
    .init_array       const    0x08012b48     0x4  main.o [1]
  .rodata             const    0x08012b4c     0x4  ip4_addr.o [1]
  .text               ro code  0x08012b50     0x4  main.o [1]
  .text               ro code  0x08012b54     0x4  main.o [1]
  .text               ro code  0x08012b58     0x4  main.o [1]
  .text               ro code  0x08012b5c     0x4  main.o [1]
  .text               ro code  0x08012b60     0x4  main.o [1]
  .text               ro code  0x08012b64     0x4  main.o [1]
  .text               ro code  0x08012b68     0x4  main.o [1]
  .text               ro code  0x08012b6c     0x4  startup_stm32f107xc.o [1]
  .text               ro code  0x08012b70     0x4  startup_stm32f107xc.o [1]
  .text               ro code  0x08012b74     0x4  startup_stm32f107xc.o [1]
  .text               ro code  0x08012b78     0x4  startup_stm32f107xc.o [1]
  .text               ro code  0x08012b7c     0x4  startup_stm32f107xc.o [1]
  .text               ro code  0x08012b80     0x4  startup_stm32f107xc.o [1]
  .text               ro code  0x08012b84     0x4  startup_stm32f107xc.o [1]
  .text               ro code  0x08012b88     0x4  startup_stm32f107xc.o [1]
  .text               ro code  0x08012b8c     0x4  startup_stm32f107xc.o [1]
  .text               ro code  0x08012b90     0x4  startup_stm32f107xc.o [1]
  .text               ro code  0x08012b94     0x4  startup_stm32f107xc.o [1]
  .text               ro code  0x08012b98     0x4  startup_stm32f107xc.o [1]
  .text               ro code  0x08012b9c     0x4  startup_stm32f107xc.o [1]
  .text               ro code  0x08012ba0     0x4  startup_stm32f107xc.o [1]
  .text               ro code  0x08012ba4     0x4  startup_stm32f107xc.o [1]
  .text               ro code  0x08012ba8     0x4  startup_stm32f107xc.o [1]
  .text               ro code  0x08012bac     0x4  startup_stm32f107xc.o [1]
  .text               ro code  0x08012bb0     0x4  startup_stm32f107xc.o [1]
  .text               ro code  0x08012bb4     0x4  startup_stm32f107xc.o [1]
  .text               ro code  0x08012bb8     0x4  startup_stm32f107xc.o [1]
  .text               ro code  0x08012bbc     0x4  startup_stm32f107xc.o [1]
  .text               ro code  0x08012bc0     0x4  startup_stm32f107xc.o [1]
  .text               ro code  0x08012bc4     0x4  startup_stm32f107xc.o [1]
  .text               ro code  0x08012bc8     0x4  startup_stm32f107xc.o [1]
  .text               ro code  0x08012bcc     0x4  startup_stm32f107xc.o [1]
  .text               ro code  0x08012bd0     0x4  startup_stm32f107xc.o [1]
  .text               ro code  0x08012bd4     0x4  startup_stm32f107xc.o [1]
  .text               ro code  0x08012bd8     0x4  startup_stm32f107xc.o [1]
  .text               ro code  0x08012bdc     0x4  startup_stm32f107xc.o [1]
  .text               ro code  0x08012be0     0x4  startup_stm32f107xc.o [1]
  .text               ro code  0x08012be4     0x4  startup_stm32f107xc.o [1]
  .text               ro code  0x08012be8     0x4  startup_stm32f107xc.o [1]
  .text               ro code  0x08012bec     0x4  startup_stm32f107xc.o [1]
  .text               ro code  0x08012bf0     0x4  startup_stm32f107xc.o [1]
  .text               ro code  0x08012bf4     0x4  startup_stm32f107xc.o [1]
  .text               ro code  0x08012bf8     0x4  startup_stm32f107xc.o [1]
  .text               ro code  0x08012bfc     0x4  startup_stm32f107xc.o [1]
  .text               ro code  0x08012c00     0x4  startup_stm32f107xc.o [1]
  .text               ro code  0x08012c04     0x4  startup_stm32f107xc.o [1]
  .text               ro code  0x08012c08     0x4  startup_stm32f107xc.o [1]
  .text               ro code  0x08012c0c     0x4  startup_stm32f107xc.o [1]
  .text               ro code  0x08012c10     0x4  startup_stm32f107xc.o [1]
  .text               ro code  0x08012c14     0x4  startup_stm32f107xc.o [1]
  .text               ro code  0x08012c18     0x4  startup_stm32f107xc.o [1]
  .text               ro code  0x08012c1c     0x4  startup_stm32f107xc.o [1]
  .text               ro code  0x08012c20     0x4  startup_stm32f107xc.o [1]
  .text               ro code  0x08012c24     0x4  startup_stm32f107xc.o [1]
  .text               ro code  0x08012c28     0x4  startup_stm32f107xc.o [1]
  .text               ro code  0x08012c2c     0x4  startup_stm32f107xc.o [1]
  .text               ro code  0x08012c30     0x4  startup_stm32f107xc.o [1]
  .rodata             const    0x08012c34     0x0  zero_init3.o [5]
  .rodata             const    0x08012c34     0x0  packbits_init.o [5]
  Initializer bytes   const    0x08012c34    0x27  <for P2 s0>
                             - 0x08012c5b  0x8b0b

"P2":                                      0xb4b8
  P2 s0                        0x20000000   0x1f4  <Init block>
    .data             inited   0x20000000   0x1dc  main.o [1]
    .data             inited   0x200001dc     0xc  stm32f1xx_hal.o [1]
    .data             inited   0x200001e8     0x8  udp.o [1]
    .data             inited   0x200001f0     0x4  system_stm32f1xx.o [1]
  .bss                zero     0x200001f4  0x4878  ethernetif.o [1]
  .bss                zero     0x20004a6c  0x2820  mem.o [1]
  .bss                zero     0x2000728c  0x2604  memp.o [1]
  .bss                zero     0x20009890    0x54  main.o [1]
  .bss                zero     0x200098e8   0x370  main.o [1]
  .bss                zero     0x20009c58   0x16c  memp.o [1]
  .bss                zero     0x20009dc4   0x104  memp.o [1]
  .bss                zero     0x20009ec8    0xf0  etharp.o [1]
  .bss                zero     0x20009fb8    0xa4  memp.o [1]
  .bss                zero     0x2000a05c    0x84  memp.o [1]
  .bss                zero     0x2000a0e0    0x80  main.o [1]
  .bss                zero     0x2000a160    0x68  gps.o [1]
  .bss                zero     0x2000a1c8    0x68  main.o [1]
  .bss                zero     0x2000a230    0x68  main.o [1]
  .bss                zero     0x2000a298    0x68  main.o [1]
  .bss                zero     0x2000a300    0x54  main.o [1]
  .bss                zero     0x2000a354    0x48  can_mod.o [1]
  .bss                zero     0x2000a39c    0x30  lwip.o [1]
  .bss                zero     0x2000a3cc    0x24  memp.o [1]
  .bss                zero     0x2000a3f0    0x20  stm32f1xx_hal_flash.o [1]
  .bss                zero     0x2000a410    0x18  ip.o [1]
  .bss                zero     0x2000a428    0x18  lwip.o [1]
  .bss                zero     0x2000a440    0x14  main.o [1]
  .bss                zero     0x2000a454    0x10  gps.o [1]
  .bss                zero     0x2000a464     0xc  main.o [1]
  .bss                zero     0x2000a470     0xc  main.o [1]
  .bss                zero     0x2000a47c     0xc  netif.o [1]
  .bss                zero     0x2000a488     0x8  ip4_frag.o [1]
  .bss                zero     0x2000a490     0x8  timeouts.o [1]
  .bss                zero     0x2000a498     0x4  memp.o [1]
  .bss                zero     0x2000a49c     0x4  memp.o [1]
  .bss                zero     0x2000a4a0     0x4  memp.o [1]
  .bss                zero     0x2000a4a4     0x4  memp.o [1]
  .bss                zero     0x2000a4a8     0x4  memp.o [1]
  .bss                zero     0x2000a4ac     0x4  memp.o [1]
  .bss                zero     0x2000a4b0     0x2  gps.o [1]
  .bss                zero     0x2000a4b2     0x2  ip4.o [1]
  .bss                zero     0x2000a4b4     0x1  etharp.o [1]
  .bss                zero     0x2000a4b5     0x1  main.o [1]
  CSTACK                       0x2000a4b8  0x1000  <Block>
    CSTACK            uninit   0x2000a4b8  0x1000  <Block tail>
                             - 0x2000b4b8  0xb4b8


*******************************************************************************
*** INIT TABLE
***

          Address     Size
          -------     ----
Zero (__iar_zero_init3)
    1 destination range, total size 0xa2c2:
          0x200001f4  0xa2c2

Copy/packbits (__iar_packbits_init3)
    1 source range, total size 0x27 (7% of destination):
          0x08012c34    0x27
    1 destination range, total size 0x1f4:
          0x20000000   0x1f4

Extra (__iar_cstart_call_ctors)



*******************************************************************************
*** MODULE SUMMARY
***

    Module                    ro code  ro data  rw data
    ------                    -------  -------  -------
D:\programs\Tvema\hardware\Firmware\pt14_trolley\central\EWARM\central\Obj: [1]
    atomic.o                      126
    can_mod.o                     248                72
    def.o                          10
    etharp.o                    1 408               241
    ethernet.o                    228        8
    ethernetif.o                  856            18 552
    gps.o                         240        4      122
    icmp.o                        364
    init.o                         26
    ip.o                                             24
    ip4.o                         628                 2
    ip4_addr.o                     52        4
    ip4_frag.o                  1 320                 8
    lwip.o                        200                72
    main.o                      9 980      517    2 009
    mem.o                         480            10 272
    memory.o                       74
    memp.o                        148       72   10 712
    netif.o                       302                12
    pbuf.o                        848
    startup_stm32f107xc.o         552
    stm32f1xx_hal.o               152        1       12
    stm32f1xx_hal_adc.o         1 334
    stm32f1xx_hal_can.o         1 848
    stm32f1xx_hal_cortex.o        258
    stm32f1xx_hal_dma.o           838
    stm32f1xx_hal_eth.o         1 748
    stm32f1xx_hal_flash.o         344                32
    stm32f1xx_hal_flash_ex.o      212
    stm32f1xx_hal_gpio.o          440
    stm32f1xx_hal_i2c.o         2 100
    stm32f1xx_hal_iwdg.o           80
    stm32f1xx_hal_msp.o         1 056
    stm32f1xx_hal_rcc.o         1 540
    stm32f1xx_hal_rcc_ex.o        720
    stm32f1xx_hal_tim.o         1 650
    stm32f1xx_hal_tim_ex.o        172
    stm32f1xx_hal_uart.o          336
    stm32f1xx_it.o                200
    system_stm32f1xx.o            104        9        4
    timeouts.o                    252                 8
    udp.o                         532                 8
    udpprot.o                     100
    ---------------------------------------------------
    Total:                     34 106      615   42 162

command line: [2]
    ---------------------------------------------------
    Total:

dl7M_tlf.a: [3]
    abort.o                         6
    cppinit.o                      24
    exit.o                          4
    low_level_init.o                4
    ---------------------------------------------------
    Total:                         38

dlpp7M_tl_fe.a: [4]
    cxxabi.o                       40
    ---------------------------------------------------
    Total:                         40

rt7M_tl.a: [5]
    ABImemclr.o                     6
    ABImemclr4.o                    6
    ABImemcpy_unaligned.o         118
    ABImemset.o                    94
    ABImemset48.o                  50
    I64DivMod.o                   238
    I64DivZer.o                     2
    U64Shr.o                       30
    cexit.o                        10
    cmain.o                        26
    cmain_call_ctors.o             32
    cstartup_M.o                   12
    data_init.o                    40
    memcmp_unaligned.o             98
    packbits_init.o               208
    zero_init3.o                   64
    ---------------------------------------------------
    Total:                      1 034

shb_l.a: [6]
    exit.o                         20
    ---------------------------------------------------
    Total:                         20

    Gaps                           28        2        4
    Linker created                          48    4 096
-------------------------------------------------------
    Grand Total:               35 266      665   46 262


*******************************************************************************
*** ENTRY LIST
***

Entry                      Address    Size  Type      Object
-----                      -------    ----  ----      ------
.iar.init_table$$Base   0x080129d0           --   Gb  - Linker created -
.iar.init_table$$Limit  0x08012a00           --   Gb  - Linker created -
?main                   0x08012a39          Code  Gb  cmain.o [5]
ADC_ConversionStop_Disable
                        0x0800bfdd    0x44  Code  Gb  stm32f1xx_hal_adc.o [1]
ADC_Enable              0x0800bf3d    0x68  Code  Gb  stm32f1xx_hal_adc.o [1]
AHBPrescTable           0x08012748    0x10  Data  Gb  system_stm32f1xx.o [1]
APBPrescTable           0x08012b3c     0x8  Data  Gb  system_stm32f1xx.o [1]
BusFault_Handler        0x08012367     0x2  Code  Gb  stm32f1xx_it.o [1]
CAN1_RX0_IRQHandler     0x08012393     0x2  Code  Gb  stm32f1xx_it.o [1]
CAN1_SCE_IRQHandler     0x0801239b     0x2  Code  Gb  stm32f1xx_it.o [1]
CAN1_TX_IRQHandler      0x08012391     0x2  Code  Gb  stm32f1xx_it.o [1]
CAN_Receive_IT(CAN_HandleTypeDef *, unsigned char)
                        0x0800d177    0xee  Code  Lc  stm32f1xx_hal_can.o [1]
CAS(unsigned int volatile *, unsigned int, unsigned int)
                        0x0800ddc3    0x12  Code  Gb  atomic.o [1]
CAS16(unsigned short volatile *, unsigned short, unsigned short)
                        0x0800ddd5    0x12  Code  Gb  atomic.o [1]
CSTACK$$Base            0x2000a4b8           --   Gb  - Linker created -
CSTACK$$Limit           0x2000b4b8           --   Gb  - Linker created -
DMA1_Channel3_IRQHandler
                        0x0801237f     0x6  Code  Gb  stm32f1xx_it.o [1]
DMA1_Channel5_IRQHandler
                        0x08012385     0x6  Code  Gb  stm32f1xx_it.o [1]
DMA1_Channel6_IRQHandler
                        0x0801238b     0x6  Code  Gb  stm32f1xx_it.o [1]
DMARxDscrTab            0x2000023c    0x80  Data  Gb  ethernetif.o [1]
DMATxDscrTab            0x200002bc    0x40  Data  Gb  ethernetif.o [1]
DMA_SetConfig(__DMA_HandleTypeDef *, unsigned int, unsigned int, unsigned int)
                        0x08010625    0x20  Code  Lc  stm32f1xx_hal_dma.o [1]
DebugMon_Handler        0x0801236d     0x2  Code  Gb  stm32f1xx_it.o [1]
ETH_Delay(unsigned int)
                        0x080116d9    0x24  Code  Lc  stm32f1xx_hal_eth.o [1]
ETH_FlushTransmitFIFO(ETH_HandleTypeDef *)
                        0x080116b5    0x24  Code  Lc  stm32f1xx_hal_eth.o [1]
ETH_IRQHandler          0x08012401     0x6  Code  Gb  stm32f1xx_it.o [1]
ETH_MACDMAConfig(ETH_HandleTypeDef *, unsigned int)
                        0x080115cf    0xe6  Code  Lc  stm32f1xx_hal_eth.o [1]
FAA16(unsigned short *, int)
                        0x0800ddef    0x1c  Code  Gb  atomic.o [1]
FLASH_MassErase(unsigned int)
                        0x0800ebf7    0x1a  Code  Lc  stm32f1xx_hal_flash_ex.o [1]
FLASH_PageErase(unsigned int)
                        0x0800ec17    0x1c  Code  Gb  stm32f1xx_hal_flash_ex.o [1]
FLASH_Program_HalfWord(unsigned int, unsigned short)
                        0x0800eaa7    0x14  Code  Lc  stm32f1xx_hal_flash.o [1]
FLASH_SetErrorCode()    0x0800eb0b    0x42  Code  Lc  stm32f1xx_hal_flash.o [1]
FLASH_WaitForLastOperation
                        0x0800eabb    0x50  Code  Gb  stm32f1xx_hal_flash.o [1]
GATEWAY_ADDRESS         0x2000a430     0x4  Data  Gb  lwip.o [1]
GPS_LED_Toggle()        0x0800a69d     0x4  Code  Gb  main.o [1]
GrayToBinary32(unsigned int)
                        0x0800a559    0x16  Code  Gb  main.o [1]
HAL_ADC_ConfigChannel   0x0800be43    0xe2  Code  Gb  stm32f1xx_hal_adc.o [1]
HAL_ADC_GetValue        0x0800be3d     0x6  Code  Gb  stm32f1xx_hal_adc.o [1]
HAL_ADC_Init            0x0800baf9    0xf4  Code  Gb  stm32f1xx_hal_adc.o [1]
HAL_ADC_MspInit         0x0800ee47    0x3a  Code  Gb  stm32f1xx_hal_msp.o [1]
HAL_ADC_PollForConversion
                        0x0800bc5b   0x13a  Code  Gb  stm32f1xx_hal_adc.o [1]
HAL_ADC_Start           0x0800bbed    0x4a  Code  Gb  stm32f1xx_hal_adc.o [1]
HAL_ADC_Stop            0x0800bc37    0x24  Code  Gb  stm32f1xx_hal_adc.o [1]
HAL_CAN_ConfigFilter    0x0800cc37    0xaa  Code  Gb  stm32f1xx_hal_can.o [1]
HAL_CAN_ErrorCallback   0x0800b981     0x2  Code  Gb  can_mod.o [1]
HAL_CAN_IRQHandler      0x0800cf81   0x1da  Code  Gb  stm32f1xx_hal_can.o [1]
HAL_CAN_Init            0x0800cb51    0xe6  Code  Gb  stm32f1xx_hal_can.o [1]
HAL_CAN_MspInit         0x0800ee81    0x8a  Code  Gb  stm32f1xx_hal_msp.o [1]
HAL_CAN_Receive_IT      0x0800ceb5    0xb0  Code  Gb  stm32f1xx_hal_can.o [1]
HAL_CAN_RxCpltCallback  0x0800b983    0x70  Code  Gb  can_mod.o [1]
HAL_CAN_Transmit        0x0800ccf3   0x1a8  Code  Gb  stm32f1xx_hal_can.o [1]
HAL_CAN_TxCpltCallback  0x0800d175     0x2  Code  Wk  stm32f1xx_hal_can.o [1]
HAL_DMA_IRQHandler      0x080103f3   0x1e6  Code  Gb  stm32f1xx_hal_dma.o [1]
HAL_DMA_Init            0x0801030d    0x78  Code  Gb  stm32f1xx_hal_dma.o [1]
HAL_DMA_Start           0x08010393    0x3a  Code  Gb  stm32f1xx_hal_dma.o [1]
HAL_Delay               0x0800cb23    0x22  Code  Wk  stm32f1xx_hal.o [1]
HAL_ETH_DMARxDescListInit
                        0x08011223    0x5c  Code  Gb  stm32f1xx_hal_eth.o [1]
HAL_ETH_DMATxDescListInit
                        0x080111b7    0x6c  Code  Gb  stm32f1xx_hal_eth.o [1]
HAL_ETH_ErrorCallback   0x08011455     0x2  Code  Wk  stm32f1xx_hal_eth.o [1]
HAL_ETH_GetReceivedFrame
                        0x0801137b    0x76  Code  Gb  stm32f1xx_hal_eth.o [1]
HAL_ETH_IRQHandler      0x080113f1    0x60  Code  Gb  stm32f1xx_hal_eth.o [1]
HAL_ETH_Init            0x08011055   0x14e  Code  Gb  stm32f1xx_hal_eth.o [1]
HAL_ETH_MspInit         0x0800fa7d    0x9e  Code  Gb  ethernetif.o [1]
HAL_ETH_ReadPHYRegister
                        0x08011457    0x76  Code  Gb  stm32f1xx_hal_eth.o [1]
HAL_ETH_RxCpltCallback  0x08011453     0x2  Code  Wk  stm32f1xx_hal_eth.o [1]
HAL_ETH_Start           0x0801153b    0x50  Code  Gb  stm32f1xx_hal_eth.o [1]
HAL_ETH_TransmitFrame   0x08011297    0xe4  Code  Gb  stm32f1xx_hal_eth.o [1]
HAL_ETH_TxCpltCallback  0x08011451     0x2  Code  Wk  stm32f1xx_hal_eth.o [1]
HAL_ETH_WritePHYRegister
                        0x080114cd    0x5c  Code  Gb  stm32f1xx_hal_eth.o [1]
HAL_FLASHEx_Erase       0x0800eb69    0x8e  Code  Gb  stm32f1xx_hal_flash_ex.o [1]
HAL_FLASH_Lock          0x0800ea99     0x8  Code  Gb  stm32f1xx_hal_flash.o [1]
HAL_FLASH_Program       0x0800ea11    0x6c  Code  Gb  stm32f1xx_hal_flash.o [1]
HAL_FLASH_Unlock        0x0800ea7d    0x1c  Code  Gb  stm32f1xx_hal_flash.o [1]
HAL_GPIO_Init           0x0800b759   0x172  Code  Gb  stm32f1xx_hal_gpio.o [1]
HAL_GPIO_TogglePin      0x0800b8d3     0x8  Code  Gb  stm32f1xx_hal_gpio.o [1]
HAL_GPIO_WritePin       0x0800b8cb     0x8  Code  Gb  stm32f1xx_hal_gpio.o [1]
HAL_GetTick             0x0800cb1d     0x6  Code  Wk  stm32f1xx_hal.o [1]
HAL_I2C_Init            0x0800d3a1    0xd4  Code  Gb  stm32f1xx_hal_i2c.o [1]
HAL_I2C_Master_Receive  0x0800d54b   0x10e  Code  Gb  stm32f1xx_hal_i2c.o [1]
HAL_I2C_Master_Transmit
                        0x0800d491    0xae  Code  Gb  stm32f1xx_hal_i2c.o [1]
HAL_I2C_MspInit         0x0800ef0b    0x38  Code  Gb  stm32f1xx_hal_msp.o [1]
HAL_IWDG_Init           0x0800d289    0x44  Code  Gb  stm32f1xx_hal_iwdg.o [1]
HAL_IWDG_Refresh        0x0800d2cd     0xc  Code  Gb  stm32f1xx_hal_iwdg.o [1]
HAL_IncTick             0x0800cb11     0xc  Code  Wk  stm32f1xx_hal.o [1]
HAL_Init                0x0800cab9    0x20  Code  Gb  stm32f1xx_hal.o [1]
HAL_InitTick            0x0800cad9    0x38  Code  Wk  stm32f1xx_hal.o [1]
HAL_MspInit             0x0800edc9    0x7e  Code  Gb  stm32f1xx_hal_msp.o [1]
HAL_NVIC_EnableIRQ      0x0800b54b     0xc  Code  Gb  stm32f1xx_hal_cortex.o [1]
HAL_NVIC_SetPriority    0x0800b511    0x3a  Code  Gb  stm32f1xx_hal_cortex.o [1]
HAL_NVIC_SetPriorityGrouping
                        0x0800b4f7    0x1a  Code  Gb  stm32f1xx_hal_cortex.o [1]
HAL_NVIC_SystemReset    0x0800b55f    0x1a  Code  Gb  stm32f1xx_hal_cortex.o [1]
HAL_RCCEx_GetPeriphCLKFreq
                        0x0800e5af   0x122  Code  Gb  stm32f1xx_hal_rcc_ex.o [1]
HAL_RCCEx_PeriphCLKConfig
                        0x0800e445   0x16a  Code  Gb  stm32f1xx_hal_rcc_ex.o [1]
HAL_RCC_ClockConfig     0x0800e1c9   0x10a  Code  Gb  stm32f1xx_hal_rcc.o [1]
HAL_RCC_GetHCLKFreq     0x0800e3c5     0x6  Code  Gb  stm32f1xx_hal_rcc.o [1]
HAL_RCC_GetPCLK1Freq    0x0800e3cb    0x10  Code  Gb  stm32f1xx_hal_rcc.o [1]
HAL_RCC_GetPCLK2Freq    0x0800e3db     0xe  Code  Gb  stm32f1xx_hal_rcc.o [1]
HAL_RCC_GetSysClockFreq
                        0x0800e32f    0x96  Code  Gb  stm32f1xx_hal_rcc.o [1]
HAL_RCC_MCOConfig       0x0800e2e7    0x48  Code  Gb  stm32f1xx_hal_rcc.o [1]
HAL_RCC_OscConfig       0x0800de41   0x378  Code  Gb  stm32f1xx_hal_rcc.o [1]
HAL_SYSTICK_CLKSourceConfig
                        0x0800b5a1    0x14  Code  Gb  stm32f1xx_hal_cortex.o [1]
HAL_SYSTICK_Callback    0x0800b5dd     0x2  Code  Wk  stm32f1xx_hal_cortex.o [1]
HAL_SYSTICK_Config      0x0800b579    0x28  Code  Gb  stm32f1xx_hal_cortex.o [1]
HAL_SYSTICK_IRQHandler  0x0800b5d5     0x8  Code  Gb  stm32f1xx_hal_cortex.o [1]
HAL_TIMEx_BreakCallback
                        0x0800e7bf     0x2  Code  Wk  stm32f1xx_hal_tim_ex.o [1]
HAL_TIMEx_CommutationCallback
                        0x0800e7bd     0x2  Code  Wk  stm32f1xx_hal_tim_ex.o [1]
HAL_TIMEx_ConfigBreakDeadTime
                        0x0800e721    0x52  Code  Gb  stm32f1xx_hal_tim_ex.o [1]
HAL_TIMEx_MasterConfigSynchronization
                        0x0800e773    0x4a  Code  Gb  stm32f1xx_hal_tim_ex.o [1]
HAL_TIM_Base_Init       0x0800c201    0x1a  Code  Gb  stm32f1xx_hal_tim.o [1]
HAL_TIM_Base_MspInit    0x0800efef    0xa6  Code  Gb  stm32f1xx_hal_msp.o [1]
HAL_TIM_Base_Start      0x0800c21b    0x12  Code  Gb  stm32f1xx_hal_tim.o [1]
HAL_TIM_ConfigClockSource
                        0x0800c4df    0xa8  Code  Gb  stm32f1xx_hal_tim.o [1]
HAL_TIM_Encoder_Init    0x0800c275    0x84  Code  Gb  stm32f1xx_hal_tim.o [1]
HAL_TIM_Encoder_MspInit
                        0x0800c2fb     0x2  Code  Wk  stm32f1xx_hal_tim.o [1]
HAL_TIM_IC_CaptureCallback
                        0x0800c5eb     0x2  Code  Wk  stm32f1xx_hal_tim.o [1]
HAL_TIM_IRQHandler      0x0800c2fd   0x17a  Code  Gb  stm32f1xx_hal_tim.o [1]
HAL_TIM_OC_ConfigChannel
                        0x0800c47d    0x4c  Code  Gb  stm32f1xx_hal_tim.o [1]
HAL_TIM_OC_DelayElapsedCallback
                        0x0800c5e9     0x2  Code  Wk  stm32f1xx_hal_tim.o [1]
HAL_TIM_OC_Init         0x0800c241    0x18  Code  Gb  stm32f1xx_hal_tim.o [1]
HAL_TIM_OC_MspInit      0x0800ef43    0xa2  Code  Gb  stm32f1xx_hal_msp.o [1]
HAL_TIM_PWM_PulseFinishedCallback
                        0x0800c5ed     0x2  Code  Wk  stm32f1xx_hal_tim.o [1]
HAL_TIM_PeriodElapsedCallback
                        0x0800c5e7     0x2  Code  Wk  stm32f1xx_hal_tim.o [1]
HAL_TIM_SlaveConfigSynchronization
                        0x0800c59f    0x1a  Code  Gb  stm32f1xx_hal_tim.o [1]
HAL_TIM_TriggerCallback
                        0x0800c5ef     0x2  Code  Wk  stm32f1xx_hal_tim.o [1]
HAL_UART_Init           0x0800dbd5    0x28  Code  Gb  stm32f1xx_hal_uart.o [1]
HAL_UART_MspInit        0x0800f0a7    0x74  Code  Gb  stm32f1xx_hal_msp.o [1]
HardFault_Handler       0x08012363     0x2  Code  Gb  stm32f1xx_it.o [1]
I2C_IsAcknowledgeFailed(I2C_HandleTypeDef *)
                        0x0800dbad    0x28  Code  Lc  stm32f1xx_hal_i2c.o [1]
I2C_MasterRequestRead(I2C_HandleTypeDef *, unsigned short, unsigned int, unsigned int)
                        0x0800d8ff    0xc2  Code  Lc  stm32f1xx_hal_i2c.o [1]
I2C_MasterRequestWrite(I2C_HandleTypeDef *, unsigned short, unsigned int, unsigned int)
                        0x0800d88b    0x74  Code  Lc  stm32f1xx_hal_i2c.o [1]
I2C_WaitOnBTFFlagUntilTimeout(I2C_HandleTypeDef *, unsigned int, unsigned int)
                        0x0800db05    0x32  Code  Lc  stm32f1xx_hal_i2c.o [1]
I2C_WaitOnFlagUntilTimeout(I2C_HandleTypeDef *, unsigned int, FlagStatus, unsigned int, unsigned int)
                        0x0800da05    0x52  Code  Lc  stm32f1xx_hal_i2c.o [1]
I2C_WaitOnMasterAddressFlagUntilTimeout(I2C_HandleTypeDef *, unsigned int, unsigned int, unsigned int)
                        0x0800da57    0x6c  Code  Lc  stm32f1xx_hal_i2c.o [1]
I2C_WaitOnRXNEFlagUntilTimeout(I2C_HandleTypeDef *, unsigned int, unsigned int)
                        0x0800db53    0x3e  Code  Lc  stm32f1xx_hal_i2c.o [1]
I2C_WaitOnTXEFlagUntilTimeout(I2C_HandleTypeDef *, unsigned int, unsigned int)
                        0x0800dad3    0x32  Code  Lc  stm32f1xx_hal_i2c.o [1]
IP_ADDRESS              0x2000a428     0x4  Data  Gb  lwip.o [1]
InStream_Read           0x08012275    0x22  Code  Lc  packbits_init.o [5]
Initialization guard variable for global_time::get_instance()::time
                        0x2000a4b5     0x1  Data  Gb  main.o [1]
LED_Toggle()            0x0800a66b     0x6  Code  Gb  main.o [1]
MX_GPIO_Init()          0x0800ae9b   0x108  Code  Lc  main.o [1]
MX_LWIP_Init            0x0800d2d9    0xa8  Code  Gb  lwip.o [1]
MX_LWIP_Process         0x0800d381    0x10  Code  Gb  lwip.o [1]
MX_TIM1_Init()          0x0800ad09    0xa6  Code  Lc  main.o [1]
MX_TIM2_Init()          0x0800adb7    0x3e  Code  Lc  main.o [1]
MX_TIM3_Init()          0x0800adf5    0x72  Code  Lc  main.o [1]
MemManage_Handler       0x08012365     0x2  Code  Gb  stm32f1xx_it.o [1]
NETMASK_ADDRESS         0x2000a42c     0x4  Data  Gb  lwip.o [1]
NMI_Handler             0x08012361     0x2  Code  Gb  stm32f1xx_it.o [1]
NVIC_SetPriority(IRQn_Type, unsigned int)
                        0x0800b4dd    0x1a  Code  Lc  stm32f1xx_hal_cortex.o [1]
PendSV_Handler          0x0801236f     0x2  Code  Gb  stm32f1xx_it.o [1]
Region$$Table$$Base     0x080129d0           --   Gb  - Linker created -
Region$$Table$$Limit    0x08012a00           --   Gb  - Linker created -
Rx_Buff                 0x200002fc  0x2fa0  Data  Gb  ethernetif.o [1]
SHT$$INIT_ARRAY$$Base   0x08012b44           --   Gb  - Linker created -
SHT$$INIT_ARRAY$$Limit  0x08012b4c           --   Gb  - Linker created -
SHT$$PREINIT_ARRAY$$Base
                        0x08012b44           --   Gb  - Linker created -
SHT$$PREINIT_ARRAY$$Limit
                        0x08012b44           --   Gb  - Linker created -
SVC_Handler             0x0801236b     0x2  Code  Gb  stm32f1xx_it.o [1]
SysTick_Handler         0x08012371     0xe  Code  Gb  stm32f1xx_it.o [1]
SystemClock_Config()    0x0800ac45    0xae  Code  Gb  main.o [1]
SystemCoreClock         0x200001f0     0x4  Data  Gb  system_stm32f1xx.o [1]
SystemInit              0x080126f1    0x46  Code  Gb  system_stm32f1xx.o [1]
TIM1_CC_IRQHandler      0x0801239f     0x2  Code  Gb  stm32f1xx_it.o [1]
TIM1_UP_IRQHandler      0x0801239d     0x2  Code  Gb  stm32f1xx_it.o [1]
TIM3_IRQHandler         0x080123a7     0x6  Code  Gb  stm32f1xx_it.o [1]
TIM_Base_SetConfig      0x0800c5f9    0x68  Code  Gb  stm32f1xx_hal_tim.o [1]
TIM_ETR_SetConfig(TIM_TypeDef *, unsigned int, unsigned int, unsigned int)
                        0x0800c85f    0x14  Code  Lc  stm32f1xx_hal_tim.o [1]
TIM_HandleTypeDef::TIM_HandleTypeDef()
                        0x0800b091    0x24  Code  Gb  main.o [1]
TIM_ITRx_SetConfig(TIM_TypeDef *, unsigned short)
                        0x0800c84f    0x10  Code  Lc  stm32f1xx_hal_tim.o [1]
TIM_OC1_SetConfig(TIM_TypeDef *, TIM_OC_InitTypeDef *)
                        0x0800c665    0x44  Code  Lc  stm32f1xx_hal_tim.o [1]
TIM_OC2_SetConfig       0x0800c6a9    0x4c  Code  Gb  stm32f1xx_hal_tim.o [1]
TIM_OC3_SetConfig(TIM_TypeDef *, TIM_OC_InitTypeDef *)
                        0x0800c701    0x50  Code  Lc  stm32f1xx_hal_tim.o [1]
TIM_OC4_SetConfig(TIM_TypeDef *, TIM_OC_InitTypeDef *)
                        0x0800c757    0x40  Code  Lc  stm32f1xx_hal_tim.o [1]
TIM_SlaveTimer_SetConfig(TIM_HandleTypeDef *, TIM_SlaveConfigTypeDef *)
                        0x0800c797    0x5a  Code  Lc  stm32f1xx_hal_tim.o [1]
TIM_TI1_ConfigInputStage(TIM_TypeDef *, unsigned int, unsigned int)
                        0x0800c809    0x22  Code  Lc  stm32f1xx_hal_tim.o [1]
TIM_TI2_ConfigInputStage(TIM_TypeDef *, unsigned int, unsigned int)
                        0x0800c82b    0x24  Code  Lc  stm32f1xx_hal_tim.o [1]
Tx_Buff                 0x2000329c  0x17d0  Data  Gb  ethernetif.o [1]
UART_SetConfig(UART_HandleTypeDef *)
                        0x0800dc41    0xdc  Code  Lc  stm32f1xx_hal_uart.o [1]
USART1_IRQHandler       0x080123ad    0x54  Code  Gb  stm32f1xx_it.o [1]
UsageFault_Handler      0x08012369     0x2  Code  Gb  stm32f1xx_it.o [1]
Virtual function table for petrinet_lib::bytes
                        0x08012ab8     0xc  Data  Gb  main.o [1]
Virtual function table for petrinet_lib::bytes2
                        0x08012ad0     0xc  Data  Gb  main.o [1]
Virtual function table for petrinet_lib::bytes4
                        0x08012adc     0xc  Data  Gb  main.o [1]
Virtual function table for petrinet_lib::bytes8
                        0x08012af4     0xc  Data  Gb  main.o [1]
Virtual function table for petrinet_lib::bytes_ptr
                        0x08012ac4     0xc  Data  Gb  main.o [1]
Virtual function table for petrinet_lib::bytesn
                        0x08012ae8     0xc  Data  Gb  main.o [1]
Virtual function table for petrinet_lib::petri_net32
                        0x08012b0c     0xc  Data  Gb  main.o [1]
Virtual function table for petrinet_lib::rqueue
                        0x08012b00     0xc  Data  Gb  main.o [1]
Virtual function table for petrinet_lib::timed_petri_net32
                        0x08012a68    0x10  Data  Gb  main.o [1]
Virtual function table for pt14
                        0x08012a78    0x10  Data  Gb  main.o [1]
_Error_Handler          0x0800b07f     0x2  Code  Gb  main.o [1]
__DMA_HandleTypeDef::__DMA_HandleTypeDef()
                        0x0800b0b5    0x20  Code  Gb  main.o [1]
__aeabi_ldiv0           0x08011729          Code  Gb  I64DivZer.o [5]
__aeabi_llsr            0x080102e1          Code  Gb  U64Shr.o [5]
__aeabi_memclr          0x08010ab9          Code  Gb  ABImemclr.o [5]
__aeabi_memclr4         0x0800b94d          Code  Gb  ABImemclr4.o [5]
__aeabi_uldivmod        0x0800fee1          Code  Gb  I64DivMod.o [5]
__aeabi_vec_ctor_nocookie_nodtor
                        0x0800e7d1    0x22  Code  Gb  cxxabi.o [4]
__call_ctors            0x08012a21    0x18  Code  Gb  cppinit.o [3]
__cmain                 0x08012a39          Code  Gb  cmain.o [5]
__exit                  0x0801234d    0x14  Code  Gb  exit.o [6]
__iar_Memset4_word      0x0800ed95          Code  Gb  ABImemset48.o [5]
__iar_Memset8_word      0x0800ed95          Code  Gb  ABImemset48.o [5]
__iar_Memset_word       0x08011a1d          Code  Gb  ABImemset.o [5]
__iar_cstart_call_ctors
                        0x08012a01    0x20  Code  Gb  cmain_call_ctors.o [5]
__iar_data_init3        0x080129a9    0x28  Code  Gb  data_init.o [5]
__iar_packbits_init3    0x08012297    0xae  Code  Gb  packbits_init.o [5]
__iar_program_start     0x08012b19          Code  Gb  cstartup_M.o [5]
__iar_unaligned___aeabi_memcpy
                        0x0800e879          Code  Gb  ABImemcpy_unaligned.o [5]
__iar_unaligned___aeabi_memcpy4
                        0x0800e899          Code  Gb  ABImemcpy_unaligned.o [5]
__iar_unaligned___aeabi_memcpy8
                        0x0800e899          Code  Gb  ABImemcpy_unaligned.o [5]
__iar_unaligned_memcmp  0x080120c1          Code  Gb  memcmp_unaligned.o [5]
__iar_zero_init3        0x080128f9    0x40  Code  Gb  zero_init3.o [5]
__low_level_init        0x08012a53     0x4  Code  Gb  low_level_init.o [3]
__sti__routine          0x0800c9dd     0x6  Code  Lc  gps.o [1]
__sti__routine          0x0800a151    0x54  Code  Lc  main.o [1]
__vector_table          0x0800a000          Data  Gb  startup_stm32f107xc.o [1]
_call_main              0x08012a45          Code  Gb  cmain.o [5]
_exit                   0x08012a5d          Code  Gb  cexit.o [5]
_main                   0x08012a4f          Code  Gb  cmain.o [5]
abort                   0x08012345     0x6  Code  Gb  abort.o [3]
adc2bat(int)            0x0800a7f3    0x32  Code  Gb  main.o [1]
adc_read()              0x0800a77d    0x26  Code  Gb  main.o [1]
arp_table               0x20009ec8    0xf0  Data  Lc  etharp.o [1]
atomic_and(unsigned int *, unsigned int)
                        0x0800de29    0x18  Code  Gb  atomic.o [1]
atomic_or(unsigned int *, unsigned int)
                        0x0800de0b    0x18  Code  Gb  atomic.o [1]
bt2                     0x20000000    0x24  Data  Gb  main.o [1]
btn_changed()           0x0800a7a3    0x20  Code  Gb  main.o [1]
buttons::button2::check()
                        0x0800dd53    0x70  Code  Gb  main.o [1]
can_init(CAN_HandleTypeDef *)
                        0x0800b9f3    0x52  Code  Gb  can_mod.o [1]
can_receive(can_message const &)
                        0x0800a7c3    0x30  Code  Gb  main.o [1]
can_send(can_message const &)
                        0x0800b959    0x28  Code  Gb  can_mod.o [1]
common::function::assign(const common::function&)
                        0x0800c919     0xa  Code  Gb  main.o [1]
common::function::exec()
                        0x080102ff     0xc  Code  Gb  main.o [1]
common::function::function()
                        0x0800b0d5    0x10  Code  Gb  main.o [1]
common::function::function<bool (*)(pt14::CAN_MESSAGE const &)>(bool (*)(pt14::CAN_MESSAGE const &))
                        0x0800c885     0x4  Code  Gb  main.o [1]
common::function::function<int (*)()>(int (*)())
                        0x0800c87d     0x4  Code  Gb  main.o [1]
common::function::function<petrinet_lib::bytesn (*)()>(petrinet_lib::bytesn (*)())
                        0x0800c895     0x4  Code  Gb  main.o [1]
common::function::function<petrinet_lib::bytesn (*)(int, bool, int, petrinet_lib::bytes const &)>(petrinet_lib::bytesn (*)(int, bool, int, petrinet_lib::bytes const &))
                        0x0800c889     0x4  Code  Gb  main.o [1]
common::function::function<short (*)()>(short (*)())
                        0x0800c899     0x4  Code  Gb  main.o [1]
common::function::function<tuple2<int, int> (*)(int)>(tuple2<int, int> (*)(int))
                        0x0800c881     0x4  Code  Gb  main.o [1]
common::function::function<unsigned int (*)(unsigned short)>(unsigned int (*)(unsigned short))
                        0x0800c88d     0x4  Code  Gb  main.o [1]
common::function::function<unsigned int (*)(unsigned short, unsigned int)>(unsigned int (*)(unsigned short, unsigned int))
                        0x0800c891     0x4  Code  Gb  main.o [1]
common::function::function<void (*)(unsigned char, unsigned int)>(void (*)(unsigned char, unsigned int))
                        0x0800f911     0x4  Code  Gb  gps.o [1]
common::function::function<void (dps::dps_control::*)()>(void *, void (dps::dps_control::*)())
                        0x0800f855     0x6  Code  Gb  main.o [1]
common::function::get_hal_func() const
                        0x08010abf     0x8  Code  Gb  main.o [1]
common::function::init()::f
                        0x08012b34     0x8  Data  Gb  main.o [1]
common::function::loop()
                        0x0800c1df     0x2  Code  Gb  main.o [1]
common::function::operator =(const common::function&)
                        0x0800c873     0xa  Code  Gb  main.o [1]
common::function_hal::exec(int)
                        0x0801179b     0xe  Code  Gb  stm32f1xx_hal_dma.o [1]
common::function_hal::function_hal()
                        0x0800e7c1    0x10  Code  Gb  main.o [1]
common::function_hal::function_hal(void *, void (*)(void *))
                        0x08011a7b     0x6  Code  Gb  main.o [1]
common::function_hal::init()::f
                        0x08012b2c     0x8  Data  Gb  main.o [1]
common::function_hal::loop()
                        0x0800c02f     0x2  Code  Gb  main.o [1]
common::function_hal::operator =(const common::function_hal&)
                        0x08010ac7     0xe  Code  Gb  main.o [1]
copy(void *, void const *, int)
                        0x0800b617    0x26  Code  Gb  memory.o [1]
copy32(void *, void const *, int)
                        0x0800b63d    0x12  Code  Gb  memory.o [1]
copy32bound4(void *, void const *, int)
                        0x0800b64f    0x12  Code  Gb  memory.o [1]
cur_dps                 0x20009890    0x10  Data  Gb  main.o [1]
cyclic_timer(void *)    0x0800fdd5    0x14  Code  Lc  timeouts.o [1]
delay_tim               0x2000a374     0x4  Data  Gb  can_mod.o [1]
do_memp_free_pool(memp_desc const *, void *)
                        0x080106f7     0xa  Code  Lc  memp.o [1]
do_memp_malloc_pool(memp_desc const *)
                        0x080106d9     0xc  Code  Lc  memp.o [1]
do_reset()              0x0800a223     0x4  Code  Gb  main.o [1]
dps::dps_control::compare_impulse()
                        0x08012a89    0x10  Code  Gb  main.o [1]
dps::dps_control::compare_impulse2()
                        0x08012a99    0x10  Code  Gb  main.o [1]
dps::dps_control::impulse()
                        0x08012863    0x4e  Code  Gb  main.o [1]
dps::dps_control::init(timers::timer_parent_base const &, dps::dps_config const &)
                        0x0800c925    0xb8  Code  Gb  main.o [1]
etharp_cached_entry     0x2000a4b4     0x1  Data  Lc  etharp.o [1]
etharp_cleanup_netif    0x08010c95    0x28  Code  Gb  etharp.o [1]
etharp_find_entry(ip4_addr const *, unsigned char, netif *)
                        0x08010b4b    0xc6  Code  Lc  etharp.o [1]
etharp_free_entry(int)  0x08010ad5    0x20  Code  Lc  etharp.o [1]
etharp_input            0x08010cbd    0xc2  Code  Gb  etharp.o [1]
etharp_output           0x08010ddb    0xca  Code  Gb  etharp.o [1]
etharp_output_to_arp_index(netif *, pbuf *, unsigned char)
                        0x08010d7f    0x50  Code  Lc  etharp.o [1]
etharp_query            0x08010ebb    0xda  Code  Gb  etharp.o [1]
etharp_raw(netif *, eth_addr const *, eth_addr const *, eth_addr const *, ip4_addr const *, eth_addr const *, ip4_addr const *, unsigned short)
                        0x08010f95    0x88  Code  Lc  etharp.o [1]
etharp_request          0x0801103f     0x4  Code  Gb  etharp.o [1]
etharp_request_dst(netif *, ip4_addr const *, eth_addr const *)
                        0x0801101d    0x22  Code  Lc  etharp.o [1]
etharp_tmr              0x08010af5    0x56  Code  Gb  etharp.o [1]
etharp_update_arp_entry(netif *, ip4_addr const *, eth_addr *, unsigned char)
                        0x08010c1d    0x78  Code  Lc  etharp.o [1]
ethbroadcast            0x08011b5c     0x8  Data  Gb  ethernet.o [1]
ethernet_input          0x08011a81    0x90  Code  Gb  ethernet.o [1]
ethernet_output         0x08011b11    0x4c  Code  Gb  ethernet.o [1]
ethernetif_init         0x0800fd8f    0x1e  Code  Gb  ethernetif.o [1]
ethernetif_input        0x0800fd6f    0x20  Code  Gb  ethernetif.o [1]
ethzero                 0x08012b24     0x8  Data  Gb  ethernet.o [1]
events::event_queue32_conc::deque_if_exist(unsigned int &)
                        0x0800dd25    0x24  Code  Gb  main.o [1]
exit                    0x08012a57     0x4  Code  Gb  exit.o [3]
flash::flash_pars<(int)10, (int)134477824>::read(int, unsigned int)
                        0x0800c901    0x18  Code  Gb  main.o [1]
flash::flash_pars<(int)10, (int)134477824>::write(int, unsigned int)
                        0x0800bab5    0x44  Code  Gb  main.o [1]
flash::flash_pars_base<(int)10>::clear(int, bool)
                        0x0800b4b1    0x2c  Code  Gb  main.o [1]
flash_reset()           0x0800a219     0xa  Code  Gb  main.o [1]
get_cur_temp256()       0x0800a6a9     0x8  Code  Gb  main.o [1]
get_ssi()               0x0800a63f    0x1a  Code  Gb  main.o [1]
get_ssi_bits(unsigned short *)
                        0x0800a5b9    0x44  Code  Gb  main.o [1]
get_ssi_bytes(int, bool, int, petrinet_lib::bytes const &)
                        0x0800a5fd    0x42  Code  Gb  main.o [1]
global_time::get_instance()
                        0x0800c1e1    0x20  Code  Gb  main.o [1]
global_time::get_instance()::time
                        0x2000a464     0xc  Data  Gb  main.o [1]
global_time::global_time()
                        0x0800c1d7     0x8  Code  Gb  main.o [1]
global_time::time()     0x0800b5df    0x38  Code  Gb  main.o [1]
gnetif                  0x2000a39c    0x30  Data  Gb  lwip.o [1]
gps_errors              0x2000a4b0     0x2  Data  Gb  gps.o [1]
gps_init(UART_HandleTypeDef *)
                        0x0800ca57    0x40  Code  Gb  gps.o [1]
gps_process(void *, int)
                        0x0800a671    0x2c  Code  Gb  main.o [1]
gps_uart                0x2000a454    0x10  Data  Gb  gps.o [1]
gps_uart_process(unsigned char, unsigned int)
                        0x0800c9e3    0x74  Code  Gb  gps.o [1]
gw                      0x2000a43c     0x4  Data  Gb  lwip.o [1]
hadc2                   0x2000a0e4    0x30  Data  Gb  main.o [1]
hcan                    0x2000a370     0x4  Data  Gb  can_mod.o [1]
hcan1                   0x200098a0    0x44  Data  Gb  main.o [1]
hdma_tim1_up            0x20000080    0x60  Data  Gb  main.o [1]
hdma_tim3_ch1_trig      0x20000140    0x60  Data  Gb  main.o [1]
hdma_tim3_ch4_up        0x200000e0    0x60  Data  Gb  main.o [1]
heth                    0x200001f4    0x48  Data  Gb  ethernetif.o [1]
hi2c1                   0x2000a300    0x54  Data  Gb  main.o [1]
hiwdg                   0x2000a154     0xc  Data  Gb  main.o [1]
htim1                   0x2000a1c8    0x68  Data  Gb  main.o [1]
htim2                   0x2000a230    0x68  Data  Gb  main.o [1]
htim3                   0x2000a298    0x68  Data  Gb  main.o [1]
huart1                  0x20000024    0x40  Data  Gb  main.o [1]
huart2                  0x2000a114    0x40  Data  Gb  main.o [1]
icmp_dest_unreach       0x08010a49     0x6  Code  Gb  icmp.o [1]
icmp_input              0x0801094d    0xf6  Code  Gb  icmp.o [1]
icmp_send_response(pbuf *, unsigned char, unsigned char)
                        0x08010a53    0x66  Code  Lc  icmp.o [1]
icmp_time_exceeded      0x08010a4f     0x4  Code  Gb  icmp.o [1]
init()                  0x0800a825   0x1be  Code  Gb  main.o [1]
ip4_addr_isbroadcast_u32
                        0x0801090d    0x34  Code  Gb  ip4_addr.o [1]
ip4_frag                0x08011f53   0x166  Code  Gb  ip4_frag.o [1]
ip4_input               0x080117f9   0x15c  Code  Gb  ip4.o [1]
ip4_output_if           0x08011955    0x24  Code  Gb  ip4.o [1]
ip4_output_if_src       0x08011979    0x90  Code  Gb  ip4.o [1]
ip4_reass               0x08011de9   0x148  Code  Gb  ip4_frag.o [1]
ip4_route               0x080117a9    0x50  Code  Gb  ip4.o [1]
ip_addr_any             0x08012b4c     0x4  Data  Gb  ip4_addr.o [1]
ip_data                 0x2000a410    0x18  Data  Gb  ip.o [1]
ip_frag_free_pbuf_custom_ref(pbuf_custom_ref *)
                        0x08011f37     0x8  Code  Lc  ip4_frag.o [1]
ip_id                   0x2000a4b2     0x2  Data  Lc  ip4.o [1]
ip_reass_chain_frag_into_datagram_and_validate(ip_reassdata *, pbuf *)
                        0x08011d15    0xd4  Code  Lc  ip4_frag.o [1]
ip_reass_dequeue_datagram(ip_reassdata *, ip_reassdata *)
                        0x08011cf7    0x1e  Code  Lc  ip4_frag.o [1]
ip_reass_enqueue_new_datagram(ip_hdr *, int)
                        0x08011ca7    0x50  Code  Lc  ip4_frag.o [1]
ip_reass_free_complete_datagram(ip_reassdata *, ip_reassdata *)
                        0x08011bc5    0x6c  Code  Lc  ip4_frag.o [1]
ip_reass_pbufcount      0x2000a488     0x2  Data  Lc  ip4_frag.o [1]
ip_reass_remove_oldest_datagram(ip_hdr *, int)
                        0x08011c31    0x76  Code  Lc  ip4_frag.o [1]
ip_reass_tmr            0x08011b99    0x2c  Code  Gb  ip4_frag.o [1]
ipaddr                  0x2000a434     0x4  Data  Gb  lwip.o [1]
ipfrag_free_pbuf_custom(pbuf *)
                        0x08011f3f    0x14  Code  Lc  ip4_frag.o [1]
lfree                   0x20004a74     0x4  Data  Lc  mem.o [1]
low_level_init(netif *)
                        0x0800fb39    0xde  Code  Lc  ethernetif.o [1]
low_level_input(netif *)
                        0x0800fcb7    0xb8  Code  Lc  ethernetif.o [1]
low_level_output(netif *, pbuf *)
                        0x0800fc17    0xa0  Code  Lc  ethernetif.o [1]
lwip_cyclic_timers      0x0800fec0    0x10  Data  Gb  timeouts.o [1]
lwip_htons              0x08010941     0xa  Code  Gb  def.o [1]
lwip_init               0x0800f931    0x1a  Code  Gb  init.o [1]
main                    0x0800a9e3   0x262  Code  Gb  main.o [1]
mem_free                0x08010757    0x68  Code  Gb  mem.o [1]
mem_init                0x0801072d    0x2a  Code  Gb  mem.o [1]
mem_malloc              0x0801086b    0x9c  Code  Gb  mem.o [1]
mem_trim                0x080107bf    0xac  Code  Gb  mem.o [1]
memory::Mem::copy(void *, void const *, int)
                        0x0800ffe9    0x28  Code  Gb  main.o [1]
memp_FRAG_PBUF          0x080128c8     0xc  Data  Lc  memp.o [1]
memp_PBUF               0x080128e0     0xc  Data  Lc  memp.o [1]
memp_PBUF_POOL          0x080128ec     0xc  Data  Lc  memp.o [1]
memp_REASSDATA          0x080128bc     0xc  Data  Lc  memp.o [1]
memp_SYS_TIMEOUT        0x080128d4     0xc  Data  Lc  memp.o [1]
memp_UDP_PCB            0x080128b0     0xc  Data  Lc  memp.o [1]
memp_free               0x08010701    0x12  Code  Gb  memp.o [1]
memp_init               0x080106c1    0x18  Code  Gb  memp.o [1]
memp_init_pool          0x08010699    0x28  Code  Gb  memp.o [1]
memp_malloc             0x080106e5    0x12  Code  Gb  memp.o [1]
memp_memory_FRAG_PBUF_base
                        0x20009c58   0x16c  Data  Gb  memp.o [1]
memp_memory_PBUF_POOL_base
                        0x2000728c  0x2604  Data  Gb  memp.o [1]
memp_memory_PBUF_base   0x20009dc4   0x104  Data  Gb  memp.o [1]
memp_memory_REASSDATA_base
                        0x20009fb8    0xa4  Data  Gb  memp.o [1]
memp_memory_SYS_TIMEOUT_base
                        0x2000a3cc    0x24  Data  Gb  memp.o [1]
memp_memory_UDP_PCB_base
                        0x2000a05c    0x84  Data  Gb  memp.o [1]
memp_pools              0x08010714    0x18  Data  Gb  memp.o [1]
memp_tab_FRAG_PBUF      0x2000a4a0     0x4  Data  Lc  memp.o [1]
memp_tab_PBUF           0x2000a4a8     0x4  Data  Lc  memp.o [1]
memp_tab_PBUF_POOL      0x2000a4ac     0x4  Data  Lc  memp.o [1]
memp_tab_REASSDATA      0x2000a49c     0x4  Data  Lc  memp.o [1]
memp_tab_SYS_TIMEOUT    0x2000a4a4     0x4  Data  Lc  memp.o [1]
memp_tab_UDP_PCB        0x2000a498     0x4  Data  Lc  memp.o [1]
net                     0x200098e8   0x370  Data  Gb  main.o [1]
netif_add               0x0800f94f    0x48  Code  Gb  netif.o [1]
netif_default           0x2000a484     0x4  Data  Gb  netif.o [1]
netif_init              0x0800f94d     0x2  Code  Gb  netif.o [1]
netif_issue_reports(netif *, unsigned char)
                        0x0800fa49    0x18  Code  Lc  netif.o [1]
netif_list              0x2000a480     0x4  Data  Gb  netif.o [1]
netif_num               0x2000a47c     0x1  Data  Lc  netif.o [1]
netif_set_addr          0x0800f997    0x44  Code  Gb  netif.o [1]
netif_set_default       0x0800fa1f     0x6  Code  Gb  netif.o [1]
netif_set_down          0x0800fa61    0x1a  Code  Gb  netif.o [1]
netif_set_gw            0x0800fa0f     0x8  Code  Gb  netif.o [1]
netif_set_ipaddr        0x0800f9db    0x34  Code  Gb  netif.o [1]
netif_set_netmask       0x0800fa17     0x8  Code  Gb  netif.o [1]
netif_set_up            0x0800fa2d    0x1c  Code  Gb  netif.o [1]
netmask                 0x2000a438     0x4  Data  Gb  lwip.o [1]
next_timeout            0x2000a490     0x4  Data  Lc  timeouts.o [1]
pFlash                  0x2000a3f0    0x20  Data  Gb  stm32f1xx_hal_flash.o [1]
parms                   0x200001b4    0x28  Data  Gb  main.o [1]
pbuf_alloc              0x0800f2f1   0x10c  Code  Gb  pbuf.o [1]
pbuf_alloced_custom     0x0800f40b    0x52  Code  Gb  pbuf.o [1]
pbuf_cat                0x0800f589    0x26  Code  Gb  pbuf.o [1]
pbuf_clen               0x0800f56f    0x10  Code  Gb  pbuf.o [1]
pbuf_copy               0x0800f5af    0x92  Code  Gb  pbuf.o [1]
pbuf_free               0x0800f523    0x4c  Code  Gb  pbuf.o [1]
pbuf_header             0x0800f51b     0x4  Code  Gb  pbuf.o [1]
pbuf_header_force       0x0800f51f     0x4  Code  Gb  pbuf.o [1]
pbuf_header_impl(pbuf *, short, unsigned char)
                        0x0800f4b1    0x6a  Code  Lc  pbuf.o [1]
pbuf_realloc            0x0800f45d    0x54  Code  Gb  pbuf.o [1]
pbuf_ref                0x0800f57f     0xa  Code  Gb  pbuf.o [1]
petrinet_lib::bytes2::bytes2(unsigned char *)
                        0x0800f221    0x20  Code  Gb  main.o [1]
petrinet_lib::bytes2::get_buf() const
                        0x08012b59     0x4  Code  Gb  main.o [1]
petrinet_lib::bytes4::bytes4(unsigned char *)
                        0x0800f1e9    0x20  Code  Gb  main.o [1]
petrinet_lib::bytes4::get_buf() const
                        0x08012b5d     0x4  Code  Gb  main.o [1]
petrinet_lib::bytes8::bytes8()
                        0x0800e825    0x14  Code  Gb  main.o [1]
petrinet_lib::bytes8::get_buf() const
                        0x08012b65     0x4  Code  Gb  main.o [1]
petrinet_lib::bytes::bytes()
                        0x0800b40d    0x10  Code  Gb  main.o [1]
petrinet_lib::bytes::bytes(const petrinet_lib::bytes&)
                        0x08011b89    0x10  Code  Gb  main.o [1]
petrinet_lib::bytes::bytes(int) [subobject]
                        0x08010645     0xc  Code  Gb  main.o [1]
petrinet_lib::bytes::get_buf() const
                        0x08012b51     0x4  Code  Gb  main.o [1]
petrinet_lib::bytes::set_buf(const petrinet_lib::bytes&)
                        0x0800e83f    0x28  Code  Gb  main.o [1]
petrinet_lib::bytes_ptr::bytes_ptr(void const *, int)
                        0x08011b65    0x24  Code  Gb  main.o [1]
petrinet_lib::bytes_ptr::get_buf() const
                        0x08012b55     0x4  Code  Gb  main.o [1]
petrinet_lib::bytes_ptr::set_buf(void *, int)
                        0x08012123     0x6  Code  Gb  main.o [1]
petrinet_lib::bytesn common::function::exec_ret<petrinet_lib::bytesn, int, bool, int, petrinet_lib::bytes const &>(int, bool, int, petrinet_lib::bytes const &)
                        0x0800ec6d    0x14  Code  Gb  main.o [1]
petrinet_lib::bytesn common::function::exec_ret<petrinet_lib::bytesn>()
                        0x0800ec65     0x8  Code  Gb  main.o [1]
petrinet_lib::bytesn::bytesn()
                        0x0800e811    0x14  Code  Gb  main.o [1]
petrinet_lib::bytesn::bytesn(void *, int)
                        0x0800b449    0x24  Code  Gb  main.o [1]
petrinet_lib::bytesn::get_buf() const
                        0x08012b61     0x4  Code  Gb  main.o [1]
petrinet_lib::bytesn::init(void const *, int)
                        0x0800e867    0x12  Code  Gb  main.o [1]
petrinet_lib::bytesn::operator =(const petrinet_lib::bytesn&)
                        0x0800b46d    0x1c  Code  Gb  main.o [1]
petrinet_lib::petri_net32::IntToList(unsigned int, int)
                        0x080126e1    0x10  Code  Gb  main.o [1]
petrinet_lib::petri_net32::get_transition(int) const
                        0x08012b69     0x4  Code  Gb  main.o [1]
petrinet_lib::petri_net32::lock(unsigned int, unsigned int)
                        0x0800ec3d    0x28  Code  Gb  main.o [1]
petrinet_lib::petri_net32::petri_net32(int) [subobject]
                        0x0800ffd1    0x18  Code  Gb  main.o [1]
petrinet_lib::petri_net32::tran_ena(unsigned int, unsigned int)
                        0x0800e9f5    0x1c  Code  Gb  main.o [1]
petrinet_lib::petri_net32::unlock(unsigned int)
                        0x0800ecbb    0x30  Code  Gb  main.o [1]
petrinet_lib::rqueue::deque()
                        0x0801176f    0x2c  Code  Gb  main.o [1]
petrinet_lib::rqueue::get_count() const
                        0x08011757    0x18  Code  Gb  main.o [1]
petrinet_lib::rqueue::get_pos(unsigned int) const
                        0x0801174b     0xc  Code  Gb  main.o [1]
petrinet_lib::timed_petri_net32::get_next_time(unsigned int &)
                        0x0800b953     0x6  Code  Gb  main.o [1]
petrinet_lib::timed_petri_net32::time_tran_ena(unsigned int, unsigned int)
                        0x0800dd49     0xa  Code  Gb  main.o [1]
petrinet_lib::timed_petri_net32::timed_petri_net32(int) [subobject]
                        0x0800e7f9    0x18  Code  Gb  main.o [1]
petrinet_lib::token_queue::add(void *)
                        0x08010259    0x24  Code  Gb  main.o [1]
pins::Pin::Get() const  0x0800fed1    0x10  Code  Gb  main.o [1]
pins::Pin::operator =(pins::PinDef const &)
                        0x0800caad     0xa  Code  Gb  main.o [1]
pt14::CAN_MESSAGE::CAN_MESSAGE(int, long long, petrinet_lib::bytes const &)
                        0x0800c15d    0x2c  Code  Gb  main.o [1]
pt14::CAN_UDP_MESSAGE::CAN_UDP_MESSAGE(unsigned short, unsigned short, long long, petrinet_lib::bytes const &)
                        0x0800b41d    0x2c  Code  Gb  main.o [1]
pt14::CONTROL_MSG::CONTROL_MSG(unsigned char, unsigned short, unsigned int)
                        0x0801172b     0x8  Code  Gb  main.o [1]
pt14::CONTROL_MSG::get_bytes() const
                        0x08011733    0x18  Code  Gb  main.o [1]
pt14::GroupTransition821()
                        0x0800b489    0x28  Code  Gb  main.o [1]
pt14::INTxINT::INTxINT(int, int)
                        0x0800e839     0x6  Code  Gb  main.o [1]
pt14::RESET(char)       0x08010651    0x48  Code  Gb  main.o [1]
pt14::SEND_SENS(char)   0x08010011    0x4a  Code  Gb  main.o [1]
pt14::UDP_AND_CAN_SEND(pt14::CAN_MESSAGE const &)
                        0x0800f209    0x18  Code  Gb  main.o [1]
pt14::UDP_SEND(pt14::CAN_MESSAGE const &)
                        0x0800ec81    0x3a  Code  Gb  main.o [1]
pt14::UnnamedTransition0()
                        0x0800b6e9    0x70  Code  Gb  main.o [1]
pt14::UnnamedTransition1()
                        0x0800e935    0x64  Code  Gb  main.o [1]
pt14::UnnamedTransition10()
                        0x0800c0ed    0x70  Code  Gb  main.o [1]
pt14::UnnamedTransition11()
                        0x080125fb    0x78  Code  Gb  main.o [1]
pt14::UnnamedTransition12()
                        0x08012575    0x86  Code  Gb  main.o [1]
pt14::UnnamedTransition15()
                        0x0801027d    0x62  Code  Gb  main.o [1]
pt14::UnnamedTransition17()
                        0x0800ba69    0x4c  Code  Gb  main.o [1]
pt14::UnnamedTransition18()
                        0x080124dd    0x98  Code  Gb  main.o [1]
pt14::UnnamedTransition19()
                        0x0800eceb    0x58  Code  Gb  main.o [1]
pt14::UnnamedTransition2()
                        0x0800e999    0x5c  Code  Gb  main.o [1]
pt14::UnnamedTransition20()
                        0x0800ed43    0x52  Code  Gb  main.o [1]
pt14::UnnamedTransition21()
                        0x080127b9    0x58  Code  Gb  main.o [1]
pt14::UnnamedTransition22()
                        0x08012811    0x52  Code  Gb  main.o [1]
pt14::UnnamedTransition23()
                        0x0800f241    0x50  Code  Gb  main.o [1]
pt14::UnnamedTransition24()
                        0x08012971    0x36  Code  Gb  main.o [1]
pt14::UnnamedTransition25()
                        0x0801005b    0x78  Code  Gb  main.o [1]
pt14::UnnamedTransition26()
                        0x0800f291    0x60  Code  Gb  main.o [1]
pt14::UnnamedTransition28()
                        0x080100d3    0x86  Code  Gb  main.o [1]
pt14::UnnamedTransition29()
                        0x08010159    0x84  Code  Gb  main.o [1]
pt14::UnnamedTransition3()
                        0x08012759    0x60  Code  Gb  main.o [1]
pt14::UnnamedTransition30()
                        0x080101dd    0x7c  Code  Gb  main.o [1]
pt14::UnnamedTransition6()
                        0x0800c031    0xbc  Code  Gb  main.o [1]
pt14::UnnamedTransition7()
                        0x08012675    0x6c  Code  Gb  main.o [1]
pt14::UnnamedTransition8()
                        0x0800e8f1    0x44  Code  Gb  main.o [1]
pt14::UnnamedTransition9()
                        0x08012939    0x38  Code  Gb  main.o [1]
pt14::add_CAN_IN(pt14::CAN_MESSAGE const &)
                        0x0800c189    0x48  Code  Gb  main.o [1]
pt14::get_next_time(unsigned int &)
                        0x08012429    0xb4  Code  Gb  main.o [1]
pt14::get_transition(int) const
                        0x0800b943     0xa  Code  Gb  main.o [1]
pt14::pt14(int)         0x0800b0e5   0x328  Code  Gb  main.o [1]
pt14::tran_DPS()        0x0800b661    0x88  Code  Gb  main.o [1]
ram                     0x20004a6c     0x4  Data  Lc  mem.o [1]
ram_end                 0x20004a70     0x4  Data  Lc  mem.o [1]
ram_heap                0x20004a78  0x2814  Data  Gb  mem.o [1]
read_param(unsigned short)
                        0x0800a6eb    0x2a  Code  Gb  main.o [1]
read_sensors()          0x0800a56f    0x4a  Code  Gb  main.o [1]
read_ssi16()            0x0800a227   0x208  Code  Gb  main.o [1]
read_ssi17()            0x0800a42f   0x12a  Code  Gb  main.o [1]
reassdatagrams          0x2000a48c     0x4  Data  Lc  ip4_frag.o [1]
reset_state             0x2000a0e0     0x1  Data  Gb  main.o [1]
send_can(pt14::CAN_MESSAGE const &)
                        0x0800a6b1    0x3a  Code  Gb  main.o [1]
set_param(unsigned short, unsigned int)
                        0x0800a715    0x68  Code  Gb  main.o [1]
socket                  0x200001a0    0x14  Data  Gb  main.o [1]
ssi13buf                0x2000a440    0x14  Data  Gb  main.o [1]
sync_event()            0x0800a659    0x12  Code  Gb  main.o [1]
sys_check_timeouts      0x0800fe71    0x3e  Code  Gb  timeouts.o [1]
sys_now                 0x0800fdd1     0x4  Code  Gb  ethernetif.o [1]
sys_timeout             0x0800fdfb    0x76  Code  Gb  timeouts.o [1]
sys_timeouts_init       0x0800fde9    0x12  Code  Gb  timeouts.o [1]
time                    0x20000064     0x4  Data  Gb  main.o [1]
timeouts_last_time      0x2000a494     0x4  Data  Lc  timeouts.o [1]
timers::encoder_timer_hal::init(timers::timer_parent_base const &, timers::encoder_config const &)
                        0x0800f85b    0xb6  Code  Gb  main.o [1]
timers::encoder_timer_hal::set_period(unsigned short)
                        0x0800ba51    0x18  Code  Gb  main.o [1]
tmp                     0x20000068    0x18  Data  Gb  main.o [1]
tmp116::tmp116sensor::get_result() const
                        0x0800b911    0x32  Code  Gb  main.o [1]
tuart::init(UART_HandleTypeDef *, common::function *)
                        0x0800f915    0x1c  Code  Gb  gps.o [1]
tuple2<int, int>::tuple2(int, int)
                        0x0800c1d1     0x6  Code  Gb  main.o [1]
udp_bind                0x0800f763    0x94  Code  Gb  udp.o [1]
udp_init                0x0800f641     0x2  Code  Gb  udp.o [1]
udp_input               0x0800f643   0x120  Code  Gb  udp.o [1]
udp_multicast_init(tsocket *)
                        0x0800c8b5    0x42  Code  Gb  udpprot.o [1]
udp_netif_ip_addr_changed
                        0x0800f817    0x2e  Code  Gb  udp.o [1]
udp_new                 0x0800f7fd    0x1a  Code  Gb  udp.o [1]
udp_pcbs                0x200001ec     0x4  Data  Gb  udp.o [1]
udp_port                0x200001e8     0x2  Data  Lc  udp.o [1]
udp_receive(void *, udp_pcb *, pbuf *, ip4_addr const *, unsigned short)
                        0x0800c89d     0xe  Code  Gb  udpprot.o [1]
udp_receive_callback(void *, unsigned int)
                        0x0800a1a5    0x74  Code  Gb  main.o [1]
udp_recv                0x0800f7f7     0x6  Code  Gb  udp.o [1]
uwTick                  0x200001e0     0x4  Data  Gb  stm32f1xx_hal.o [1]
uwTickFreq              0x200001dc     0x1  Data  Gb  stm32f1xx_hal.o [1]
uwTickPrio              0x200001e4     0x4  Data  Gb  stm32f1xx_hal.o [1]


[1] = D:\programs\Tvema\hardware\Firmware\pt14_trolley\central\EWARM\central\Obj
[2] = command line
[3] = dl7M_tlf.a
[4] = dlpp7M_tl_fe.a
[5] = rt7M_tl.a
[6] = shb_l.a

  35 266 bytes of readonly  code memory
     665 bytes of readonly  data memory
  46 262 bytes of readwrite data memory

Errors: 1
Warnings: none
